// Jest Snapshot v1, https://goo.gl/fbAQLP

exports[`Header component should match to snapshot 1`] = `ShallowWrapper {}`;
