// Jest Snapshot v1, https://goo.gl/fbAQLP

exports[`Test sur Home render composant connect√© 1`] = `ShallowWrapper {}`;
